---
source: src/tests/getopt.rs
expression: opts
---
[
    Short(
        'n',
    ),
    Short(
        'r',
    ),
    Short(
        'e',
    ),
]
