---
source: src/tests/expand.rs
expression: unescaped
---
echo Ô∑êfoo $bar
