---
source: src/tests/lexer.rs
expression: tokens
---
[
    Tk {
        class: SOI,
        err_span: None,
        err: Null,
        span: Span {
            range: 0..0,
            source: "if true; then echo foo; fi",
        },
        flags: TkFlags(
            0x0,
        ),
    },
    Tk {
        class: Str,
        err_span: None,
        err: Null,
        span: Span {
            range: 0..2,
            source: "if true; then echo foo; fi",
        },
        flags: TkFlags(
            KEYWORD,
        ),
    },
    Tk {
        class: Str,
        err_span: None,
        err: Null,
        span: Span {
            range: 3..7,
            source: "if true; then echo foo; fi",
        },
        flags: TkFlags(
            IS_CMD,
        ),
    },
    Tk {
        class: Sep,
        err_span: None,
        err: Null,
        span: Span {
            range: 7..9,
            source: "if true; then echo foo; fi",
        },
        flags: TkFlags(
            0x0,
        ),
    },
    Tk {
        class: Str,
        err_span: None,
        err: Null,
        span: Span {
            range: 9..13,
            source: "if true; then echo foo; fi",
        },
        flags: TkFlags(
            KEYWORD,
        ),
    },
    Tk {
        class: Str,
        err_span: None,
        err: Null,
        span: Span {
            range: 14..18,
            source: "if true; then echo foo; fi",
        },
        flags: TkFlags(
            IS_CMD | BUILTIN,
        ),
    },
    Tk {
        class: Str,
        err_span: None,
        err: Null,
        span: Span {
            range: 19..22,
            source: "if true; then echo foo; fi",
        },
        flags: TkFlags(
            0x0,
        ),
    },
    Tk {
        class: Sep,
        err_span: None,
        err: Null,
        span: Span {
            range: 22..24,
            source: "if true; then echo foo; fi",
        },
        flags: TkFlags(
            0x0,
        ),
    },
    Tk {
        class: Str,
        err_span: None,
        err: Null,
        span: Span {
            range: 24..26,
            source: "if true; then echo foo; fi",
        },
        flags: TkFlags(
            KEYWORD,
        ),
    },
    Tk {
        class: EOI,
        err_span: None,
        err: Null,
        span: Span {
            range: 26..26,
            source: "if true; then echo foo; fi",
        },
        flags: TkFlags(
            0x0,
        ),
    },
]
