---
source: src/tests/error.rs
expression: err_fmt
---
[31m[1mParse Error[0m - Unclosed subshell
  [36m[1m->[0m [[36m[1m1[0m;[36m[1m2[0m]
[36m[1m  |[0m
[36m[1m1 |[0m (foo
[36m[1m  |[0m  [31m[1m^[0m
[36m[1m  |[0m
