---
source: src/tests/parser.rs
expression: nodes
---
[
    Ok(
        Node {
            class: CmdList {
                elements: [
                    ConjunctNode {
                        cmd: Node {
                            class: IfNode {
                                cond_nodes: [
                                    CondNode {
                                        cond: Node {
                                            class: Pipeline {
                                                cmds: [
                                                    Node {
                                                        class: Command {
                                                            assignments: [],
                                                            argv: [
                                                                Tk {
                                                                    class: Str,
                                                                    span: Span {
                                                                        range: 3..6,
                                                                        source: "if foo; then echo bar; fi",
                                                                    },
                                                                    flags: TkFlags(
                                                                        IS_CMD,
                                                                    ),
                                                                },
                                                            ],
                                                        },
                                                        flags: NdFlags(
                                                            0x0,
                                                        ),
                                                        redirs: [],
                                                        tokens: [
                                                            Tk {
                                                                class: Str,
                                                                span: Span {
                                                                    range: 3..6,
                                                                    source: "if foo; then echo bar; fi",
                                                                },
                                                                flags: TkFlags(
                                                                    IS_CMD,
                                                                ),
                                                            },
                                                            Tk {
                                                                class: Sep,
                                                                span: Span {
                                                                    range: 6..8,
                                                                    source: "if foo; then echo bar; fi",
                                                                },
                                                                flags: TkFlags(
                                                                    0x0,
                                                                ),
                                                            },
                                                        ],
                                                    },
                                                ],
                                                pipe_err: false,
                                            },
                                            flags: NdFlags(
                                                0x0,
                                            ),
                                            redirs: [],
                                            tokens: [
                                                Tk {
                                                    class: Str,
                                                    span: Span {
                                                        range: 3..6,
                                                        source: "if foo; then echo bar; fi",
                                                    },
                                                    flags: TkFlags(
                                                        IS_CMD,
                                                    ),
                                                },
                                                Tk {
                                                    class: Sep,
                                                    span: Span {
                                                        range: 6..8,
                                                        source: "if foo; then echo bar; fi",
                                                    },
                                                    flags: TkFlags(
                                                        0x0,
                                                    ),
                                                },
                                            ],
                                        },
                                        body: [
                                            Node {
                                                class: Pipeline {
                                                    cmds: [
                                                        Node {
                                                            class: Command {
                                                                assignments: [],
                                                                argv: [
                                                                    Tk {
                                                                        class: Str,
                                                                        span: Span {
                                                                            range: 13..17,
                                                                            source: "if foo; then echo bar; fi",
                                                                        },
                                                                        flags: TkFlags(
                                                                            IS_CMD | BUILTIN,
                                                                        ),
                                                                    },
                                                                    Tk {
                                                                        class: Str,
                                                                        span: Span {
                                                                            range: 18..21,
                                                                            source: "if foo; then echo bar; fi",
                                                                        },
                                                                        flags: TkFlags(
                                                                            0x0,
                                                                        ),
                                                                    },
                                                                ],
                                                            },
                                                            flags: NdFlags(
                                                                0x0,
                                                            ),
                                                            redirs: [],
                                                            tokens: [
                                                                Tk {
                                                                    class: Str,
                                                                    span: Span {
                                                                        range: 13..17,
                                                                        source: "if foo; then echo bar; fi",
                                                                    },
                                                                    flags: TkFlags(
                                                                        IS_CMD | BUILTIN,
                                                                    ),
                                                                },
                                                                Tk {
                                                                    class: Str,
                                                                    span: Span {
                                                                        range: 18..21,
                                                                        source: "if foo; then echo bar; fi",
                                                                    },
                                                                    flags: TkFlags(
                                                                        0x0,
                                                                    ),
                                                                },
                                                                Tk {
                                                                    class: Sep,
                                                                    span: Span {
                                                                        range: 21..23,
                                                                        source: "if foo; then echo bar; fi",
                                                                    },
                                                                    flags: TkFlags(
                                                                        0x0,
                                                                    ),
                                                                },
                                                            ],
                                                        },
                                                    ],
                                                    pipe_err: false,
                                                },
                                                flags: NdFlags(
                                                    0x0,
                                                ),
                                                redirs: [],
                                                tokens: [
                                                    Tk {
                                                        class: Str,
                                                        span: Span {
                                                            range: 13..17,
                                                            source: "if foo; then echo bar; fi",
                                                        },
                                                        flags: TkFlags(
                                                            IS_CMD | BUILTIN,
                                                        ),
                                                    },
                                                    Tk {
                                                        class: Str,
                                                        span: Span {
                                                            range: 18..21,
                                                            source: "if foo; then echo bar; fi",
                                                        },
                                                        flags: TkFlags(
                                                            0x0,
                                                        ),
                                                    },
                                                    Tk {
                                                        class: Sep,
                                                        span: Span {
                                                            range: 21..23,
                                                            source: "if foo; then echo bar; fi",
                                                        },
                                                        flags: TkFlags(
                                                            0x0,
                                                        ),
                                                    },
                                                ],
                                            },
                                        ],
                                    },
                                ],
                                else_block: [],
                            },
                            flags: NdFlags(
                                0x0,
                            ),
                            redirs: [],
                            tokens: [
                                Tk {
                                    class: Str,
                                    span: Span {
                                        range: 0..2,
                                        source: "if foo; then echo bar; fi",
                                    },
                                    flags: TkFlags(
                                        KEYWORD,
                                    ),
                                },
                                Tk {
                                    class: Str,
                                    span: Span {
                                        range: 3..6,
                                        source: "if foo; then echo bar; fi",
                                    },
                                    flags: TkFlags(
                                        IS_CMD,
                                    ),
                                },
                                Tk {
                                    class: Sep,
                                    span: Span {
                                        range: 6..8,
                                        source: "if foo; then echo bar; fi",
                                    },
                                    flags: TkFlags(
                                        0x0,
                                    ),
                                },
                                Tk {
                                    class: Str,
                                    span: Span {
                                        range: 8..12,
                                        source: "if foo; then echo bar; fi",
                                    },
                                    flags: TkFlags(
                                        KEYWORD,
                                    ),
                                },
                                Tk {
                                    class: Str,
                                    span: Span {
                                        range: 13..17,
                                        source: "if foo; then echo bar; fi",
                                    },
                                    flags: TkFlags(
                                        IS_CMD | BUILTIN,
                                    ),
                                },
                                Tk {
                                    class: Str,
                                    span: Span {
                                        range: 18..21,
                                        source: "if foo; then echo bar; fi",
                                    },
                                    flags: TkFlags(
                                        0x0,
                                    ),
                                },
                                Tk {
                                    class: Sep,
                                    span: Span {
                                        range: 21..23,
                                        source: "if foo; then echo bar; fi",
                                    },
                                    flags: TkFlags(
                                        0x0,
                                    ),
                                },
                                Tk {
                                    class: Str,
                                    span: Span {
                                        range: 23..25,
                                        source: "if foo; then echo bar; fi",
                                    },
                                    flags: TkFlags(
                                        KEYWORD,
                                    ),
                                },
                            ],
                        },
                        operator: Null,
                    },
                ],
            },
            flags: NdFlags(
                0x0,
            ),
            redirs: [],
            tokens: [
                Tk {
                    class: Str,
                    span: Span {
                        range: 0..2,
                        source: "if foo; then echo bar; fi",
                    },
                    flags: TkFlags(
                        KEYWORD,
                    ),
                },
                Tk {
                    class: Str,
                    span: Span {
                        range: 3..6,
                        source: "if foo; then echo bar; fi",
                    },
                    flags: TkFlags(
                        IS_CMD,
                    ),
                },
                Tk {
                    class: Sep,
                    span: Span {
                        range: 6..8,
                        source: "if foo; then echo bar; fi",
                    },
                    flags: TkFlags(
                        0x0,
                    ),
                },
                Tk {
                    class: Str,
                    span: Span {
                        range: 8..12,
                        source: "if foo; then echo bar; fi",
                    },
                    flags: TkFlags(
                        KEYWORD,
                    ),
                },
                Tk {
                    class: Str,
                    span: Span {
                        range: 13..17,
                        source: "if foo; then echo bar; fi",
                    },
                    flags: TkFlags(
                        IS_CMD | BUILTIN,
                    ),
                },
                Tk {
                    class: Str,
                    span: Span {
                        range: 18..21,
                        source: "if foo; then echo bar; fi",
                    },
                    flags: TkFlags(
                        0x0,
                    ),
                },
                Tk {
                    class: Sep,
                    span: Span {
                        range: 21..23,
                        source: "if foo; then echo bar; fi",
                    },
                    flags: TkFlags(
                        0x0,
                    ),
                },
                Tk {
                    class: Str,
                    span: Span {
                        range: 23..25,
                        source: "if foo; then echo bar; fi",
                    },
                    flags: TkFlags(
                        KEYWORD,
                    ),
                },
            ],
        },
    ),
]
