---
source: src/tests/term.rs
expression: styled
---
[32mhello world[0m
