---
source: src/tests/lexer.rs
expression: tokens
---
[
    Tk {
        class: SOI,
        err_span: None,
        err: Null,
        span: Span {
            range: 0..0,
            source: "echo foo 1>&2",
        },
        flags: TkFlags(
            0x0,
        ),
    },
    Tk {
        class: Str,
        err_span: None,
        err: Null,
        span: Span {
            range: 0..4,
            source: "echo foo 1>&2",
        },
        flags: TkFlags(
            IS_CMD | BUILTIN,
        ),
    },
    Tk {
        class: Str,
        err_span: None,
        err: Null,
        span: Span {
            range: 5..8,
            source: "echo foo 1>&2",
        },
        flags: TkFlags(
            0x0,
        ),
    },
    Tk {
        class: Redir,
        err_span: None,
        err: Null,
        span: Span {
            range: 9..13,
            source: "echo foo 1>&2",
        },
        flags: TkFlags(
            0x0,
        ),
    },
    Tk {
        class: EOI,
        err_span: None,
        err: Null,
        span: Span {
            range: 13..13,
            source: "echo foo 1>&2",
        },
        flags: TkFlags(
            0x0,
        ),
    },
]
