---
source: src/tests/getopt.rs
expression: words
---
[
    "echo",
    "foo",
]
