---
source: src/tests/term.rs
expression: styled
---
[35m[3mmulti-style text[0m
